{"prepared": "s10__mug_drink_1", "split": "test", "episodes": 1, "retarget_mean_mm": 4.7127313759412885}
{"prepared": "s10__mug_drink_2", "split": "test", "episodes": 1, "retarget_mean_mm": 4.5209803376166375}
{"prepared": "s10__mug_lift", "split": "test", "episodes": 1, "retarget_mean_mm": 4.5104825743191626}
{"prepared": "s10__mug_pass_1", "split": "test", "episodes": 1, "retarget_mean_mm": 4.487284555625396}
{"prepared": "s10__mug_toast_1", "split": "test", "episodes": 1, "retarget_mean_mm": 4.522626111977058}
{"prepared": "s1__mug_drink_1", "split": "train", "episodes": 1, "retarget_mean_mm": 4.249058343710466}
{"prepared": "s1__mug_drink_2", "split": "train", "episodes": 1, "retarget_mean_mm": 4.042451302404258}
{"prepared": "s1__mug_drink_3", "split": "train", "episodes": 1, "retarget_mean_mm": 4.300146426840201}
{"prepared": "s1__mug_drink_4", "split": "train", "episodes": 1, "retarget_mean_mm": 4.009756614069995}
{"prepared": "s1__mug_lift", "split": "train", "episodes": 2, "retarget_mean_mm": 4.149159894844265}
{"prepared": "s1__mug_offhand_1", "split": "train", "episodes": 0, "retarget_mean_mm": 4.047731893044351}
{"prepared": "s1__mug_pass_1", "split": "train", "episodes": 1, "retarget_mean_mm": 3.9983703749695523}
{"prepared": "s1__mug_toast_1", "split": "train", "episodes": 1, "retarget_mean_mm": 4.194713770928772}
{"prepared": "s2__mug_drink_1", "split": "train", "episodes": 1, "retarget_mean_mm": 4.587553889163231}
{"prepared": "s2__mug_drink_2", "split": "train", "episodes": 1, "retarget_mean_mm": 4.397222632236225}
{"prepared": "s2__mug_lift", "split": "train", "episodes": 3, "retarget_mean_mm": 4.50013763553661}
{"prepared": "s2__mug_pass_1", "split": "train", "episodes": 0, "retarget_mean_mm": 4.670609196129398}
{"prepared": "s2__mug_toast_1", "split": "train", "episodes": 1, "retarget_mean_mm": 4.6952828688758865}
{"prepared": "s3__mug_drink_1", "split": "train", "episodes": 1, "retarget_mean_mm": 8.03021757236253}
{"prepared": "s3__mug_drink_2", "split": "train", "episodes": 1, "retarget_mean_mm": 7.488980858934361}
{"prepared": "s3__mug_drink_3", "split": "train", "episodes": 1, "retarget_mean_mm": 7.4548612241446515}
{"prepared": "s3__mug_drink_4", "split": "train", "episodes": 1, "retarget_mean_mm": 8.278044255640083}
{"prepared": "s3__mug_offhand_1", "split": "train", "episodes": 0, "retarget_mean_mm": 7.7000870249669315}
{"prepared": "s3__mug_pass_1", "split": "train", "episodes": 1, "retarget_mean_mm": 8.021294346561362}
{"prepared": "s4__mug_drink_2", "split": "train", "episodes": 1, "retarget_mean_mm": 8.222194815034271}
{"prepared": "s4__mug_pass_1", "split": "train", "episodes": 1, "retarget_mean_mm": 7.619356815185308}
{"prepared": "s5__mug_drink_1", "split": "validation", "episodes": 1, "retarget_mean_mm": 8.49700979944278}
{"prepared": "s5__mug_pass_1", "split": "validation", "episodes": 1, "retarget_mean_mm": 8.606282228976545}
{"prepared": "s5__mug_toast_1", "split": "validation", "episodes": 1, "retarget_mean_mm": 8.337646610821485}
{"prepared": "s6__mug_drink_2", "split": "train", "episodes": 1, "retarget_mean_mm": 7.264637814352949}
{"prepared": "s6__mug_lift", "split": "train", "episodes": 4, "retarget_mean_mm": 7.573485952486203}
{"prepared": "s6__mug_pass_1", "split": "train", "episodes": 1, "retarget_mean_mm": 7.419123492163724}
{"prepared": "s6__mug_toast_1", "split": "train", "episodes": 1, "retarget_mean_mm": 7.386630257395562}
{"prepared": "s7__mug_drink_1", "split": "train", "episodes": 1, "retarget_mean_mm": 10.952644924631848}
{"prepared": "s7__mug_drink_2", "split": "train", "episodes": 1, "retarget_mean_mm": 10.205348808455946}
{"prepared": "s7__mug_lift", "split": "train", "episodes": 1, "retarget_mean_mm": 10.464050876004809}
{"prepared": "s8__mug_drink_1", "split": "validation", "episodes": 1, "retarget_mean_mm": 4.387005138933033}
{"prepared": "s8__mug_drink_2", "split": "validation", "episodes": 1, "retarget_mean_mm": 4.319452005453109}
{"prepared": "s8__mug_lift", "split": "validation", "episodes": 2, "retarget_mean_mm": 4.389423771033957}
{"prepared": "s8__mug_offhand_1", "split": "validation", "episodes": 0, "retarget_mean_mm": 4.369340096552182}
{"prepared": "s8__mug_pass_1", "split": "validation", "episodes": 1, "retarget_mean_mm": 4.35435936200713}
{"prepared": "s8__mug_toast_1", "split": "validation", "episodes": 1, "retarget_mean_mm": 4.294678225024993}
{"prepared": "s9__mug_drink_2", "split": "test", "episodes": 1, "retarget_mean_mm": 5.334305328762166}
{"prepared": "s9__mug_pass_1", "split": "test", "episodes": 1, "retarget_mean_mm": 5.243043248429949}
{"prepared": 44, "rl_supported_clips": 40, "manifest": "/home/nmt/Projects/IsaacLab/_local/grab_combined_training/runs/smoke_refiner_contact_guard/prepared_refined/manifest.json"}
