{"retargeted": "s10__mug_drink_1", "naive_mm": 0.46496946015395224, "fitted_mm": 0.010898754226218443}
{"retargeted": "s10__mug_drink_2", "naive_mm": 1.1819518404081464, "fitted_mm": 0.07927769183879718}
{"retargeted": "s10__mug_lift", "naive_mm": 0.4138405784033239, "fitted_mm": 0.016274070731014945}
{"retargeted": "s10__mug_pass_1", "naive_mm": 0.5053341155871749, "fitted_mm": 0.01576290924276691}
{"retargeted": "s10__mug_toast_1", "naive_mm": 0.7703378796577454, "fitted_mm": 0.044414555304683745}
{"retargeted": "s1__mug_drink_1", "naive_mm": 1.0849538957700133, "fitted_mm": 0.10295483662048355}
{"retargeted": "s1__mug_drink_2", "naive_mm": 1.751848729327321, "fitted_mm": 0.4387099470477551}
{"retargeted": "s1__mug_drink_3", "naive_mm": 2.023510867729783, "fitted_mm": 0.22916158195585012}
{"retargeted": "s1__mug_drink_4", "naive_mm": 1.046166755259037, "fitted_mm": 0.30553119722753763}
{"retargeted": "s1__mug_lift", "naive_mm": 0.8813211461529136, "fitted_mm": 0.16053968283813447}
{"retargeted": "s1__mug_offhand_1", "naive_mm": 1.195813063532114, "fitted_mm": 0.2240959438495338}
{"retargeted": "s1__mug_pass_1", "naive_mm": 1.0444505605846643, "fitted_mm": 0.2238295564893633}
{"retargeted": "s1__mug_toast_1", "naive_mm": 3.0942109879106283, "fitted_mm": 0.6279020453803241}
{"retargeted": "s2__mug_drink_1", "naive_mm": 1.4515971997752786, "fitted_mm": 0.2489004109520465}
{"retargeted": "s2__mug_drink_2", "naive_mm": 3.54285491630435, "fitted_mm": 0.8580844150856137}
{"retargeted": "s2__mug_lift", "naive_mm": 2.6611469220370054, "fitted_mm": 0.4029007686767727}
{"retargeted": "s2__mug_pass_1", "naive_mm": 0.8090721094049513, "fitted_mm": 0.1139266460086219}
{"retargeted": "s2__mug_toast_1", "naive_mm": 0.8199704461731017, "fitted_mm": 0.13899597979616374}
{"retargeted": "s3__mug_drink_1", "naive_mm": 1.3550794683396816, "fitted_mm": 0.28815268888138235}
{"retargeted": "s3__mug_drink_2", "naive_mm": 3.4159820061177015, "fitted_mm": 1.5258844941854477}
{"retargeted": "s3__mug_drink_3", "naive_mm": 1.4235698617994785, "fitted_mm": 0.08205798076232895}
{"retargeted": "s3__mug_drink_4", "naive_mm": 1.9372759852558374, "fitted_mm": 0.33141890889965}
{"retargeted": "s3__mug_offhand_1", "naive_mm": 2.691752975806594, "fitted_mm": 0.7239764090627432}
{"retargeted": "s3__mug_pass_1", "naive_mm": 0.9752623736858368, "fitted_mm": 0.1724294706946239}
{"retargeted": "s4__mug_drink_2", "naive_mm": 0.7593024056404829, "fitted_mm": 0.08006490679690614}
{"retargeted": "s4__mug_pass_1", "naive_mm": 0.3629035782068968, "fitted_mm": 0.03319541065138765}
{"retargeted": "s5__mug_drink_1", "naive_mm": 2.1778682712465525, "fitted_mm": 1.334009924903512}
{"retargeted": "s5__mug_pass_1", "naive_mm": 0.5916453083045781, "fitted_mm": 0.02838981890818104}
{"retargeted": "s5__mug_toast_1", "naive_mm": 1.2050748337060213, "fitted_mm": 0.10676695819711313}
{"retargeted": "s6__mug_drink_2", "naive_mm": 0.9305799612775445, "fitted_mm": 0.10347927309339866}
{"retargeted": "s6__mug_lift", "naive_mm": 1.0068027768284082, "fitted_mm": 0.3369866462890059}
{"retargeted": "s6__mug_pass_1", "naive_mm": 0.647601904347539, "fitted_mm": 0.012117204278183635}
{"retargeted": "s6__mug_toast_1", "naive_mm": 1.3885112712159753, "fitted_mm": 0.48880057875066996}
{"retargeted": "s7__mug_drink_1", "naive_mm": 1.9864283967763186, "fitted_mm": 0.43286196887493134}
{"retargeted": "s7__mug_drink_2", "naive_mm": 1.6104159876704216, "fitted_mm": 0.2038654056377709}
{"retargeted": "s7__mug_lift", "naive_mm": 2.440110547468066, "fitted_mm": 0.5246320506557822}
{"retargeted": "s8__mug_drink_1", "naive_mm": 0.36889713373966515, "fitted_mm": 0.03363936775713228}
{"retargeted": "s8__mug_drink_2", "naive_mm": 0.6824771990068257, "fitted_mm": 0.025137002012343146}
{"retargeted": "s8__mug_lift", "naive_mm": 0.5592746310867369, "fitted_mm": 0.04236449603922665}
{"retargeted": "s8__mug_offhand_1", "naive_mm": 1.2424808228388429, "fitted_mm": 0.0869492141646333}
{"retargeted": "s8__mug_pass_1", "naive_mm": 1.6460734186694026, "fitted_mm": 0.09096480061998591}
{"retargeted": "s8__mug_toast_1", "naive_mm": 1.651805592700839, "fitted_mm": 0.07649994222447276}
{"retargeted": "s9__mug_drink_2", "naive_mm": 1.3025410007685423, "fitted_mm": 0.22142482339404523}
{"retargeted": "s9__mug_pass_1", "naive_mm": 0.6851240759715438, "fitted_mm": 0.10873935389099643}
{"completed": 44, "output": "/home/nmt/Projects/IsaacLab/_local/grab_combined_training/runs/smoke_refiner_contact_guard/prepared_feasible", "elapsed_seconds": 52.87056675700296}
