{"prepared": "s10__mug_drink_1", "split": "test", "episodes": 1, "retarget_mean_mm": 4.711919668002606}
{"prepared": "s10__mug_drink_2", "split": "test", "episodes": 1, "retarget_mean_mm": 4.523443494694159}
{"prepared": "s10__mug_lift", "split": "test", "episodes": 1, "retarget_mean_mm": 4.512119558523774}
{"prepared": "s10__mug_pass_1", "split": "test", "episodes": 1, "retarget_mean_mm": 4.4893153717184715}
{"prepared": "s10__mug_toast_1", "split": "test", "episodes": 1, "retarget_mean_mm": 4.525088306742141}
{"prepared": "s1__mug_drink_1", "split": "train", "episodes": 1, "retarget_mean_mm": 4.245514742867163}
{"prepared": "s1__mug_drink_2", "split": "train", "episodes": 1, "retarget_mean_mm": 4.040085183374735}
{"prepared": "s1__mug_drink_3", "split": "train", "episodes": 1, "retarget_mean_mm": 4.29865875360126}
{"prepared": "s1__mug_drink_4", "split": "train", "episodes": 1, "retarget_mean_mm": 4.007759726721218}
{"prepared": "s1__mug_lift", "split": "train", "episodes": 2, "retarget_mean_mm": 4.1453967817884765}
{"prepared": "s1__mug_offhand_1", "split": "train", "episodes": 0, "retarget_mean_mm": 4.043154738720152}
{"prepared": "s1__mug_pass_1", "split": "train", "episodes": 1, "retarget_mean_mm": 3.9933943843920034}
{"prepared": "s1__mug_toast_1", "split": "train", "episodes": 1, "retarget_mean_mm": 4.193134151289413}
{"prepared": "s2__mug_drink_1", "split": "train", "episodes": 1, "retarget_mean_mm": 4.584905724945389}
{"prepared": "s2__mug_drink_2", "split": "train", "episodes": 1, "retarget_mean_mm": 4.395394645722761}
{"prepared": "s2__mug_lift", "split": "train", "episodes": 3, "retarget_mean_mm": 4.497570867046995}
{"prepared": "s2__mug_pass_1", "split": "train", "episodes": 0, "retarget_mean_mm": 4.668669641519005}
{"prepared": "s2__mug_toast_1", "split": "train", "episodes": 1, "retarget_mean_mm": 4.6922691480310155}
{"prepared": "s3__mug_drink_1", "split": "train", "episodes": 1, "retarget_mean_mm": 8.040819486430241}
{"prepared": "s3__mug_drink_2", "split": "train", "episodes": 1, "retarget_mean_mm": 7.497486813308125}
{"prepared": "s3__mug_drink_3", "split": "train", "episodes": 1, "retarget_mean_mm": 7.466745014069478}
{"prepared": "s3__mug_drink_4", "split": "train", "episodes": 1, "retarget_mean_mm": 8.288544718615398}
{"prepared": "s3__mug_offhand_1", "split": "train", "episodes": 0, "retarget_mean_mm": 7.708640089932835}
{"prepared": "s3__mug_pass_1", "split": "train", "episodes": 1, "retarget_mean_mm": 8.0337230616447}
{"prepared": "s4__mug_drink_2", "split": "train", "episodes": 1, "retarget_mean_mm": 8.230914813658293}
{"prepared": "s4__mug_pass_1", "split": "train", "episodes": 1, "retarget_mean_mm": 7.628304385696456}
{"prepared": "s5__mug_drink_1", "split": "validation", "episodes": 1, "retarget_mean_mm": 8.500529326759755}
{"prepared": "s5__mug_pass_1", "split": "validation", "episodes": 1, "retarget_mean_mm": 8.611998147212013}
{"prepared": "s5__mug_toast_1", "split": "validation", "episodes": 1, "retarget_mean_mm": 8.342226516636588}
{"prepared": "s6__mug_drink_2", "split": "train", "episodes": 1, "retarget_mean_mm": 7.275524479154714}
{"prepared": "s6__mug_lift", "split": "train", "episodes": 4, "retarget_mean_mm": 7.582061231043367}
{"prepared": "s6__mug_pass_1", "split": "train", "episodes": 1, "retarget_mean_mm": 7.427009711171866}
{"prepared": "s6__mug_toast_1", "split": "train", "episodes": 1, "retarget_mean_mm": 7.391935917138866}
{"prepared": "s7__mug_drink_1", "split": "train", "episodes": 1, "retarget_mean_mm": 10.96487625299556}
{"prepared": "s7__mug_drink_2", "split": "train", "episodes": 1, "retarget_mean_mm": 10.216707867064892}
{"prepared": "s7__mug_lift", "split": "train", "episodes": 1, "retarget_mean_mm": 10.474210904602208}
{"prepared": "s8__mug_drink_1", "split": "validation", "episodes": 1, "retarget_mean_mm": 4.384097849536108}
{"prepared": "s8__mug_drink_2", "split": "validation", "episodes": 1, "retarget_mean_mm": 4.317735240220293}
{"prepared": "s8__mug_lift", "split": "validation", "episodes": 2, "retarget_mean_mm": 4.385858475966076}
{"prepared": "s8__mug_offhand_1", "split": "validation", "episodes": 0, "retarget_mean_mm": 4.366662097552076}
{"prepared": "s8__mug_pass_1", "split": "validation", "episodes": 1, "retarget_mean_mm": 4.352182378513949}
{"prepared": "s8__mug_toast_1", "split": "validation", "episodes": 1, "retarget_mean_mm": 4.292970738149525}
{"prepared": "s9__mug_drink_2", "split": "test", "episodes": 1, "retarget_mean_mm": 5.326049918465378}
{"prepared": "s9__mug_pass_1", "split": "test", "episodes": 1, "retarget_mean_mm": 5.235058299429666}
{"prepared": 44, "rl_supported_clips": 40, "manifest": "/home/nmt/Projects/IsaacLab/_local/grab_combined_training/runs/smoke_refiner/prepared_refined/manifest.json"}
