{"retargeted": "s10__mug_drink_1", "naive_mm": 0.4680308047682047, "fitted_mm": 0.011290596376056783}
{"retargeted": "s10__mug_drink_2", "naive_mm": 1.1560639832168818, "fitted_mm": 0.07692493818467483}
{"retargeted": "s10__mug_lift", "naive_mm": 0.4215789376758039, "fitted_mm": 0.016158321159309708}
{"retargeted": "s10__mug_pass_1", "naive_mm": 0.5000120727345347, "fitted_mm": 0.015223102309391834}
{"retargeted": "s10__mug_toast_1", "naive_mm": 0.7555930642411113, "fitted_mm": 0.04221740164211951}
{"retargeted": "s1__mug_drink_1", "naive_mm": 1.0743484599515796, "fitted_mm": 0.10188145824940875}
{"retargeted": "s1__mug_drink_2", "naive_mm": 1.7450570594519377, "fitted_mm": 0.43907578219659626}
{"retargeted": "s1__mug_drink_3", "naive_mm": 2.0109820179641247, "fitted_mm": 0.22539866040460765}
{"retargeted": "s1__mug_drink_4", "naive_mm": 1.0408181697130203, "fitted_mm": 0.30292748124338686}
{"retargeted": "s1__mug_lift", "naive_mm": 0.8854387560859323, "fitted_mm": 0.1615263317944482}
{"retargeted": "s1__mug_offhand_1", "naive_mm": 1.1982772266492248, "fitted_mm": 0.2238215965917334}
{"retargeted": "s1__mug_pass_1", "naive_mm": 1.038779504597187, "fitted_mm": 0.22259661636780947}
{"retargeted": "s1__mug_toast_1", "naive_mm": 3.0228637624531984, "fitted_mm": 0.6086408393457532}
{"retargeted": "s2__mug_drink_1", "naive_mm": 1.4618412824347615, "fitted_mm": 0.2513681829441339}
{"retargeted": "s2__mug_drink_2", "naive_mm": 3.496734658256173, "fitted_mm": 0.8475758950226009}
{"retargeted": "s2__mug_lift", "naive_mm": 2.6623192243278027, "fitted_mm": 0.4021319036837667}
{"retargeted": "s2__mug_pass_1", "naive_mm": 0.813397578895092, "fitted_mm": 0.11347012332407758}
{"retargeted": "s2__mug_toast_1", "naive_mm": 0.8227298385463655, "fitted_mm": 0.1391860714647919}
{"retargeted": "s3__mug_drink_1", "naive_mm": 1.3632162008434534, "fitted_mm": 0.288846786133945}
{"retargeted": "s3__mug_drink_2", "naive_mm": 3.369293175637722, "fitted_mm": 1.4858151553198695}
{"retargeted": "s3__mug_drink_3", "naive_mm": 1.4126546448096633, "fitted_mm": 0.08070475450949743}
{"retargeted": "s3__mug_drink_4", "naive_mm": 1.9359254511073232, "fitted_mm": 0.32792877755127847}
{"retargeted": "s3__mug_offhand_1", "naive_mm": 2.6135011576116085, "fitted_mm": 0.7118456996977329}
{"retargeted": "s3__mug_pass_1", "naive_mm": 0.9853149531409144, "fitted_mm": 0.17189244681503624}
{"retargeted": "s4__mug_drink_2", "naive_mm": 0.7697188993915915, "fitted_mm": 0.08186477498384193}
{"retargeted": "s4__mug_pass_1", "naive_mm": 0.35688598291017115, "fitted_mm": 0.03218734491383657}
{"retargeted": "s5__mug_drink_1", "naive_mm": 2.1654136944562197, "fitted_mm": 1.3216767692938447}
{"retargeted": "s5__mug_pass_1", "naive_mm": 0.5920269177295268, "fitted_mm": 0.027657019018079154}
{"retargeted": "s5__mug_toast_1", "naive_mm": 1.1869234731420875, "fitted_mm": 0.10349826334277168}
{"retargeted": "s6__mug_drink_2", "naive_mm": 0.8908233139663935, "fitted_mm": 0.09492757089901716}
{"retargeted": "s6__mug_lift", "naive_mm": 0.9929004590958357, "fitted_mm": 0.32893934985622764}
{"retargeted": "s6__mug_pass_1", "naive_mm": 0.641901686321944, "fitted_mm": 0.011963310498686042}
{"retargeted": "s6__mug_toast_1", "naive_mm": 1.352330669760704, "fitted_mm": 0.4658389952965081}
{"retargeted": "s7__mug_drink_1", "naive_mm": 1.9944969099014997, "fitted_mm": 0.43241935782134533}
{"retargeted": "s7__mug_drink_2", "naive_mm": 1.5888947527855635, "fitted_mm": 0.19707430328708142}
{"retargeted": "s7__mug_lift", "naive_mm": 2.428344916552305, "fitted_mm": 0.5193758406676352}
{"retargeted": "s8__mug_drink_1", "naive_mm": 0.37499365862458944, "fitted_mm": 0.033587457437533885}
{"retargeted": "s8__mug_drink_2", "naive_mm": 0.6664583343081176, "fitted_mm": 0.024584660422988236}
{"retargeted": "s8__mug_lift", "naive_mm": 0.553010671865195, "fitted_mm": 0.04152027395321056}
{"retargeted": "s8__mug_offhand_1", "naive_mm": 1.2263363460078835, "fitted_mm": 0.08450565655948594}
{"retargeted": "s8__mug_pass_1", "naive_mm": 1.6335401451215148, "fitted_mm": 0.08922347478801385}
{"retargeted": "s8__mug_toast_1", "naive_mm": 1.6325743636116385, "fitted_mm": 0.07350875239353627}
{"retargeted": "s9__mug_drink_2", "naive_mm": 1.288729370571673, "fitted_mm": 0.21800016111228615}
{"retargeted": "s9__mug_pass_1", "naive_mm": 0.6794821820221841, "fitted_mm": 0.10817759903147817}
{"completed": 44, "output": "/home/nmt/Projects/IsaacLab/_local/grab_combined_training/runs/smoke_refiner/prepared_feasible", "elapsed_seconds": 54.857658312997955}
