{"retargeted": "s10__mug_drink_1", "naive_mm": 0.4672638897318393, "fitted_mm": 0.011150280442961957}
{"retargeted": "s10__mug_drink_2", "naive_mm": 1.1777256149798632, "fitted_mm": 0.07913224544608966}
{"retargeted": "s10__mug_lift", "naive_mm": 0.4123401886317879, "fitted_mm": 0.016321457223966718}
{"retargeted": "s10__mug_pass_1", "naive_mm": 0.4993667243979871, "fitted_mm": 0.01561604040034581}
{"retargeted": "s10__mug_toast_1", "naive_mm": 0.7647372549399734, "fitted_mm": 0.044197237002663314}
{"retargeted": "s1__mug_drink_1", "naive_mm": 1.0917112231254578, "fitted_mm": 0.1038740374497138}
{"retargeted": "s1__mug_drink_2", "naive_mm": 1.767324865795672, "fitted_mm": 0.44581390102393925}
{"retargeted": "s1__mug_drink_3", "naive_mm": 2.0251080859452486, "fitted_mm": 0.23017865896690637}
{"retargeted": "s1__mug_drink_4", "naive_mm": 1.0489255655556917, "fitted_mm": 0.30863823485560715}
{"retargeted": "s1__mug_lift", "naive_mm": 0.8930654730647802, "fitted_mm": 0.16433488053735346}
{"retargeted": "s1__mug_offhand_1", "naive_mm": 1.2050769291818142, "fitted_mm": 0.22835523122921586}
{"retargeted": "s1__mug_pass_1", "naive_mm": 1.0466387029737234, "fitted_mm": 0.22561986406799406}
{"retargeted": "s1__mug_toast_1", "naive_mm": 3.1175860203802586, "fitted_mm": 0.6317414809018373}
{"retargeted": "s2__mug_drink_1", "naive_mm": 1.4653898542746902, "fitted_mm": 0.2515723172109574}
{"retargeted": "s2__mug_drink_2", "naive_mm": 3.581942291930318, "fitted_mm": 0.8630125084891915}
{"retargeted": "s2__mug_lift", "naive_mm": 2.70806229673326, "fitted_mm": 0.4067395639140159}
{"retargeted": "s2__mug_pass_1", "naive_mm": 0.8118106634356081, "fitted_mm": 0.11436823842814192}
{"retargeted": "s2__mug_toast_1", "naive_mm": 0.8244107011705637, "fitted_mm": 0.14012654719408602}
{"retargeted": "s3__mug_drink_1", "naive_mm": 1.3704841258004308, "fitted_mm": 0.2924245491158217}
{"retargeted": "s3__mug_drink_2", "naive_mm": 3.4201291855424643, "fitted_mm": 1.5291805611923337}
{"retargeted": "s3__mug_drink_3", "naive_mm": 1.4305810909718275, "fitted_mm": 0.08262864866992459}
{"retargeted": "s3__mug_drink_4", "naive_mm": 1.9420965109020472, "fitted_mm": 0.33083834568969905}
{"retargeted": "s3__mug_offhand_1", "naive_mm": 2.729741157963872, "fitted_mm": 0.7332977256737649}
{"retargeted": "s3__mug_pass_1", "naive_mm": 0.9846853790804744, "fitted_mm": 0.17339915211778134}
{"retargeted": "s4__mug_drink_2", "naive_mm": 0.7700029527768493, "fitted_mm": 0.08352359145646915}
{"retargeted": "s4__mug_pass_1", "naive_mm": 0.36260075285099447, "fitted_mm": 0.03264164843130857}
{"retargeted": "s5__mug_drink_1", "naive_mm": 2.1729404106736183, "fitted_mm": 1.3323856983333826}
{"retargeted": "s5__mug_pass_1", "naive_mm": 0.594076351262629, "fitted_mm": 0.028322874641162343}
{"retargeted": "s5__mug_toast_1", "naive_mm": 1.194954151287675, "fitted_mm": 0.10575883788987994}
{"retargeted": "s6__mug_drink_2", "naive_mm": 0.9231170988641679, "fitted_mm": 0.1002230346784927}
{"retargeted": "s6__mug_lift", "naive_mm": 1.0036752792075276, "fitted_mm": 0.3359784313943237}
{"retargeted": "s6__mug_pass_1", "naive_mm": 0.6505765486508608, "fitted_mm": 0.012251151929376647}
{"retargeted": "s6__mug_toast_1", "naive_mm": 1.3894271105527878, "fitted_mm": 0.489021185785532}
{"retargeted": "s7__mug_drink_1", "naive_mm": 2.0006955601274967, "fitted_mm": 0.437940179836005}
{"retargeted": "s7__mug_drink_2", "naive_mm": 1.623869757167995, "fitted_mm": 0.20782204228453338}
{"retargeted": "s7__mug_lift", "naive_mm": 2.4504587054252625, "fitted_mm": 0.52897963905707}
{"retargeted": "s8__mug_drink_1", "naive_mm": 0.36918517434969544, "fitted_mm": 0.034524131478974596}
{"retargeted": "s8__mug_drink_2", "naive_mm": 0.6727550062350929, "fitted_mm": 0.025701003323774785}
{"retargeted": "s8__mug_lift", "naive_mm": 0.5584924947470427, "fitted_mm": 0.04257437103660777}
{"retargeted": "s8__mug_offhand_1", "naive_mm": 1.2426128378137946, "fitted_mm": 0.08728447573957965}
{"retargeted": "s8__mug_pass_1", "naive_mm": 1.6360454028472304, "fitted_mm": 0.09056788258021697}
{"retargeted": "s8__mug_toast_1", "naive_mm": 1.636240747757256, "fitted_mm": 0.07596991054015234}
{"retargeted": "s9__mug_drink_2", "naive_mm": 1.3087436091154814, "fitted_mm": 0.22346283367369324}
{"retargeted": "s9__mug_pass_1", "naive_mm": 0.6799340480938554, "fitted_mm": 0.10816059511853382}
{"completed": 44, "output": "/home/nmt/Projects/IsaacLab/_local/grab_combined_training/prepared_feasible", "elapsed_seconds": 49.44142518599983}
