WARNING: You are using a MANO model, with only 10 shape coefficients.
WARNING: You are using a MANO model, with only 10 shape coefficients.
WARNING: You are using a MANO model, with only 10 shape coefficients.
WARNING: You are using a MANO model, with only 10 shape coefficients.
WARNING: You are using a MANO model, with only 10 shape coefficients.
WARNING: You are using a MANO model, with only 10 shape coefficients.
WARNING: You are using a MANO model, with only 10 shape coefficients.
WARNING: You are using a MANO model, with only 10 shape coefficients.
WARNING: You are using a MANO model, with only 10 shape coefficients.
WARNING: You are using a MANO model, with only 10 shape coefficients.
WARNING: You are using a MANO model, with only 10 shape coefficients.
WARNING: You are using a MANO model, with only 10 shape coefficients.
WARNING: You are using a MANO model, with only 10 shape coefficients.
WARNING: You are using a MANO model, with only 10 shape coefficients.
WARNING: You are using a MANO model, with only 10 shape coefficients.
WARNING: You are using a MANO model, with only 10 shape coefficients.
WARNING: You are using a MANO model, with only 10 shape coefficients.
WARNING: You are using a MANO model, with only 10 shape coefficients.
WARNING: You are using a MANO model, with only 10 shape coefficients.
WARNING: You are using a MANO model, with only 10 shape coefficients.
/home/nmt/miniconda3/envs/text2hoi/lib/python3.8/site-packages/hydra/_internal/defaults_list.py:251: UserWarning: In 'config': Defaults list is missing `_self_`. See https://hydra.cc/docs/1.2/upgrades/1.0_to_1.1/default_composition_order for more information
  warnings.warn(msg, UserWarning)
build refiner
initialize refiner with zero
load refiner, checkpoints/grab/refiner.pth
{"features": "s10__mug_drink_1", "split": "test", "frames": 202}
{"features": "s10__mug_drink_2", "split": "test", "frames": 220}
{"features": "s10__mug_lift", "split": "test", "frames": 571}
{"features": "s10__mug_pass_1", "split": "test", "frames": 196}
{"features": "s10__mug_toast_1", "split": "test", "frames": 181}
{"features": "s1__mug_drink_1", "split": "train", "frames": 334}
{"features": "s1__mug_drink_2", "split": "train", "frames": 377}
{"features": "s1__mug_drink_3", "split": "train", "frames": 309}
{"features": "s1__mug_drink_4", "split": "train", "frames": 300}
{"features": "s1__mug_lift", "split": "train", "frames": 1062}
{"features": "s1__mug_offhand_1", "split": "train", "frames": 274}
{"features": "s1__mug_pass_1", "split": "train", "frames": 234}
{"features": "s1__mug_toast_1", "split": "train", "frames": 337}
{"features": "s2__mug_drink_1", "split": "train", "frames": 249}
{"features": "s2__mug_drink_2", "split": "train", "frames": 286}
{"features": "s2__mug_lift", "split": "train", "frames": 502}
{"features": "s2__mug_pass_1", "split": "train", "frames": 259}
{"features": "s2__mug_toast_1", "split": "train", "frames": 239}
{"features": "s3__mug_drink_1", "split": "train", "frames": 239}
{"features": "s3__mug_drink_2", "split": "train", "frames": 206}
{"features": "s3__mug_drink_3", "split": "train", "frames": 229}
{"features": "s3__mug_drink_4", "split": "train", "frames": 226}
{"features": "s3__mug_offhand_1", "split": "train", "frames": 246}
{"features": "s3__mug_pass_1", "split": "train", "frames": 283}
{"features": "s4__mug_drink_2", "split": "train", "frames": 181}
{"features": "s4__mug_pass_1", "split": "train", "frames": 156}
{"features": "s5__mug_drink_1", "split": "validation", "frames": 182}
{"features": "s5__mug_pass_1", "split": "validation", "frames": 202}
{"features": "s5__mug_toast_1", "split": "validation", "frames": 201}
{"features": "s6__mug_drink_2", "split": "train", "frames": 259}
{"features": "s6__mug_lift", "split": "train", "frames": 581}
{"features": "s6__mug_pass_1", "split": "train", "frames": 283}
{"features": "s6__mug_toast_1", "split": "train", "frames": 224}
{"features": "s7__mug_drink_1", "split": "train", "frames": 228}
{"features": "s7__mug_drink_2", "split": "train", "frames": 268}
{"features": "s7__mug_lift", "split": "train", "frames": 682}
{"features": "s8__mug_drink_1", "split": "validation", "frames": 220}
{"features": "s8__mug_drink_2", "split": "validation", "frames": 263}
{"features": "s8__mug_lift", "split": "validation", "frames": 459}
{"features": "s8__mug_offhand_1", "split": "validation", "frames": 272}
{"features": "s8__mug_pass_1", "split": "validation", "frames": 245}
{"features": "s8__mug_toast_1", "split": "validation", "frames": 203}
{"features": "s9__mug_drink_2", "split": "test", "frames": 273}
{"features": "s9__mug_pass_1", "split": "test", "frames": 228}
EVALUATION {"split": "validation", "stage": "initial", "epoch": 0, "loss": {"total": 0.6804481693570434, "penetration": 0.364844806707855, "contact": 1.0276052152574673, "displacement": 0.2419369161049419, "velocity": 0.0005617720019593496, "acceleration": 0.00015036820907090925}, "vertices_deeper_than_2_mm": 4837, "vertices_deeper_than_5_mm": 118, "maximum_penetration_mm": 5.455656051635742, "mean_vertex_displacement_mm": 0.8047709301889977, "source_contact_retention": 0.9832486829237516}
EVALUATION {"split": "train", "stage": "epoch_001", "epoch": 1, "loss": {"total": 0.6492743535053923, "penetration": 0.3522573388980447, "contact": 0.9820310118105429, "displacement": 0.07947224149463797, "velocity": 0.0002012855184429363, "acceleration": 6.81629584294398e-05}, "vertices_deeper_than_2_mm": 24977, "vertices_deeper_than_5_mm": 499, "maximum_penetration_mm": 5.527682781219482, "mean_vertex_displacement_mm": 0.41448558808544994, "source_contact_retention": 0.9146321049143639}
EVALUATION {"split": "validation", "stage": "epoch_001", "epoch": 1, "loss": {"total": 0.5769512794072966, "penetration": 0.3012785018949335, "contact": 0.9108984161601047, "displacement": 0.07952791781997384, "velocity": 0.000156406319181079, "acceleration": 3.5266387745322054e-05}, "vertices_deeper_than_2_mm": 4072, "vertices_deeper_than_5_mm": 85, "maximum_penetration_mm": 5.52666711807251, "mean_vertex_displacement_mm": 0.41281533060892983, "source_contact_retention": 0.9144925707435566}
EPOCH {"epoch": 1, "step": 134, "learning_rate": 1e-05, "training_loss": 0.579533498103508, "epoch_training_seconds": 11.307507448000251, "training_evaluation": {"loss": {"total": 0.6492743535053923, "penetration": 0.3522573388980447, "contact": 0.9820310118105429, "displacement": 0.07947224149463797, "velocity": 0.0002012855184429363, "acceleration": 6.81629584294398e-05}, "vertices_deeper_than_2_mm": 24977, "vertices_deeper_than_5_mm": 499, "maximum_penetration_mm": 5.527682781219482, "mean_vertex_displacement_mm": 0.41448558808544994, "source_contact_retention": 0.9146321049143639}, "validation": {"loss": {"total": 0.5769512794072966, "penetration": 0.3012785018949335, "contact": 0.9108984161601047, "displacement": 0.07952791781997384, "velocity": 0.000156406319181079, "acceleration": 3.5266387745322054e-05}, "vertices_deeper_than_2_mm": 4072, "vertices_deeper_than_5_mm": 85, "maximum_penetration_mm": 5.52666711807251, "mean_vertex_displacement_mm": 0.41281533060892983, "source_contact_retention": 0.9144925707435566}, "validation_minus_train_loss": -0.07232307409809569}
EVALUATION {"split": "train", "stage": "epoch_002", "epoch": 2, "loss": {"total": 0.6339626521263863, "penetration": 0.3565161539321708, "contact": 0.9196452349704181, "displacement": 0.050828367556463507, "velocity": 0.00024041966399678186, "acceleration": 8.021004338395174e-05}, "vertices_deeper_than_2_mm": 24846, "vertices_deeper_than_5_mm": 466, "maximum_penetration_mm": 5.505705833435059, "mean_vertex_displacement_mm": 0.34248775914665297, "source_contact_retention": 0.9355636120149786}
EVALUATION {"split": "validation", "stage": "epoch_002", "epoch": 2, "loss": {"total": 0.5592838361839427, "penetration": 0.30216946097071773, "contact": 0.8518822701920602, "displacement": 0.050936449836387496, "velocity": 0.000194188542528829, "acceleration": 4.35066768676858e-05}, "vertices_deeper_than_2_mm": 4054, "vertices_deeper_than_5_mm": 58, "maximum_penetration_mm": 5.337213516235352, "mean_vertex_displacement_mm": 0.34151187333521654, "source_contact_retention": 0.9320483296003028}
EPOCH {"epoch": 2, "step": 268, "learning_rate": 1e-05, "training_loss": 0.5476222455253088, "epoch_training_seconds": 11.741332249999687, "training_evaluation": {"loss": {"total": 0.6339626521263863, "penetration": 0.3565161539321708, "contact": 0.9196452349704181, "displacement": 0.050828367556463507, "velocity": 0.00024041966399678186, "acceleration": 8.021004338395174e-05}, "vertices_deeper_than_2_mm": 24846, "vertices_deeper_than_5_mm": 466, "maximum_penetration_mm": 5.505705833435059, "mean_vertex_displacement_mm": 0.34248775914665297, "source_contact_retention": 0.9355636120149786}, "validation": {"loss": {"total": 0.5592838361839427, "penetration": 0.30216946097071773, "contact": 0.8518822701920602, "displacement": 0.050936449836387496, "velocity": 0.000194188542528829, "acceleration": 4.35066768676858e-05}, "vertices_deeper_than_2_mm": 4054, "vertices_deeper_than_5_mm": 58, "maximum_penetration_mm": 5.337213516235352, "mean_vertex_displacement_mm": 0.34151187333521654, "source_contact_retention": 0.9320483296003028}, "validation_minus_train_loss": -0.07467881594244352}
COMPLETE /home/nmt/Projects/IsaacLab/_local/grab_combined_training/runs/smoke_refiner
