WARNING: You are using a MANO model, with only 10 shape coefficients.
WARNING: You are using a MANO model, with only 10 shape coefficients.
WARNING: You are using a MANO model, with only 10 shape coefficients.
WARNING: You are using a MANO model, with only 10 shape coefficients.
WARNING: You are using a MANO model, with only 10 shape coefficients.
WARNING: You are using a MANO model, with only 10 shape coefficients.
WARNING: You are using a MANO model, with only 10 shape coefficients.
WARNING: You are using a MANO model, with only 10 shape coefficients.
WARNING: You are using a MANO model, with only 10 shape coefficients.
WARNING: You are using a MANO model, with only 10 shape coefficients.
WARNING: You are using a MANO model, with only 10 shape coefficients.
WARNING: You are using a MANO model, with only 10 shape coefficients.
WARNING: You are using a MANO model, with only 10 shape coefficients.
WARNING: You are using a MANO model, with only 10 shape coefficients.
WARNING: You are using a MANO model, with only 10 shape coefficients.
WARNING: You are using a MANO model, with only 10 shape coefficients.
WARNING: You are using a MANO model, with only 10 shape coefficients.
WARNING: You are using a MANO model, with only 10 shape coefficients.
WARNING: You are using a MANO model, with only 10 shape coefficients.
WARNING: You are using a MANO model, with only 10 shape coefficients.
/home/nmt/miniconda3/envs/text2hoi/lib/python3.8/site-packages/hydra/_internal/defaults_list.py:251: UserWarning: In 'config': Defaults list is missing `_self_`. See https://hydra.cc/docs/1.2/upgrades/1.0_to_1.1/default_composition_order for more information
  warnings.warn(msg, UserWarning)
build refiner
initialize refiner with zero
load refiner, checkpoints/grab/refiner.pth
{"features": "s10__mug_drink_1", "split": "test", "frames": 202}
{"features": "s10__mug_drink_2", "split": "test", "frames": 220}
{"features": "s10__mug_lift", "split": "test", "frames": 571}
{"features": "s10__mug_pass_1", "split": "test", "frames": 196}
{"features": "s10__mug_toast_1", "split": "test", "frames": 181}
{"features": "s1__mug_drink_1", "split": "train", "frames": 334}
{"features": "s1__mug_drink_2", "split": "train", "frames": 377}
{"features": "s1__mug_drink_3", "split": "train", "frames": 309}
{"features": "s1__mug_drink_4", "split": "train", "frames": 300}
{"features": "s1__mug_lift", "split": "train", "frames": 1062}
{"features": "s1__mug_offhand_1", "split": "train", "frames": 274}
{"features": "s1__mug_pass_1", "split": "train", "frames": 234}
{"features": "s1__mug_toast_1", "split": "train", "frames": 337}
{"features": "s2__mug_drink_1", "split": "train", "frames": 249}
{"features": "s2__mug_drink_2", "split": "train", "frames": 286}
{"features": "s2__mug_lift", "split": "train", "frames": 502}
{"features": "s2__mug_pass_1", "split": "train", "frames": 259}
{"features": "s2__mug_toast_1", "split": "train", "frames": 239}
{"features": "s3__mug_drink_1", "split": "train", "frames": 239}
{"features": "s3__mug_drink_2", "split": "train", "frames": 206}
{"features": "s3__mug_drink_3", "split": "train", "frames": 229}
{"features": "s3__mug_drink_4", "split": "train", "frames": 226}
{"features": "s3__mug_offhand_1", "split": "train", "frames": 246}
{"features": "s3__mug_pass_1", "split": "train", "frames": 283}
{"features": "s4__mug_drink_2", "split": "train", "frames": 181}
{"features": "s4__mug_pass_1", "split": "train", "frames": 156}
{"features": "s5__mug_drink_1", "split": "validation", "frames": 182}
{"features": "s5__mug_pass_1", "split": "validation", "frames": 202}
{"features": "s5__mug_toast_1", "split": "validation", "frames": 201}
{"features": "s6__mug_drink_2", "split": "train", "frames": 259}
{"features": "s6__mug_lift", "split": "train", "frames": 581}
{"features": "s6__mug_pass_1", "split": "train", "frames": 283}
{"features": "s6__mug_toast_1", "split": "train", "frames": 224}
{"features": "s7__mug_drink_1", "split": "train", "frames": 228}
{"features": "s7__mug_drink_2", "split": "train", "frames": 268}
{"features": "s7__mug_lift", "split": "train", "frames": 682}
{"features": "s8__mug_drink_1", "split": "validation", "frames": 220}
{"features": "s8__mug_drink_2", "split": "validation", "frames": 263}
{"features": "s8__mug_lift", "split": "validation", "frames": 459}
{"features": "s8__mug_offhand_1", "split": "validation", "frames": 272}
{"features": "s8__mug_pass_1", "split": "validation", "frames": 245}
{"features": "s8__mug_toast_1", "split": "validation", "frames": 203}
{"features": "s9__mug_drink_2", "split": "test", "frames": 273}
{"features": "s9__mug_pass_1", "split": "test", "frames": 228}
EVALUATION {"split": "train", "stage": "epoch_003", "epoch": 3, "loss": {"total": 0.6197121890522453, "penetration": 0.3307178697918023, "contact": 0.9555227925313134, "displacement": 0.07622757211441127, "velocity": 0.0004317916791104914, "acceleration": 0.00014919016286618376}, "vertices_deeper_than_2_mm": 22738, "vertices_deeper_than_5_mm": 370, "maximum_penetration_mm": 5.509504795074463, "mean_vertex_displacement_mm": 0.3926619609475702, "source_contact_retention": 0.9115318203394261}
EVALUATION {"split": "validation", "stage": "epoch_003", "epoch": 3, "loss": {"total": 0.5702388165365286, "penetration": 0.29514953702303587, "contact": 0.9104665137419554, "displacement": 0.06384145291410237, "velocity": 0.00030284709614633386, "acceleration": 7.5112968313856e-05}, "vertices_deeper_than_2_mm": 3991, "vertices_deeper_than_5_mm": 60, "maximum_penetration_mm": 5.385562896728516, "mean_vertex_displacement_mm": 0.3723178329895378, "source_contact_retention": 0.9130256474967665}
EPOCH {"epoch": 3, "step": 402, "learning_rate": 1e-05, "training_loss": 0.5388371722508611, "epoch_training_seconds": 10.97643877900191, "training_evaluation": {"loss": {"total": 0.6197121890522453, "penetration": 0.3307178697918023, "contact": 0.9555227925313134, "displacement": 0.07622757211441127, "velocity": 0.0004317916791104914, "acceleration": 0.00014919016286618376}, "vertices_deeper_than_2_mm": 22738, "vertices_deeper_than_5_mm": 370, "maximum_penetration_mm": 5.509504795074463, "mean_vertex_displacement_mm": 0.3926619609475702, "source_contact_retention": 0.9115318203394261}, "validation": {"loss": {"total": 0.5702388165365286, "penetration": 0.29514953702303587, "contact": 0.9104665137419554, "displacement": 0.06384145291410237, "velocity": 0.00030284709614633386, "acceleration": 7.5112968313856e-05}, "vertices_deeper_than_2_mm": 3991, "vertices_deeper_than_5_mm": 60, "maximum_penetration_mm": 5.385562896728516, "mean_vertex_displacement_mm": 0.3723178329895378, "source_contact_retention": 0.9130256474967665}, "validation_minus_train_loss": -0.04947337251571671}
EVALUATION {"split": "train", "stage": "selected_best", "epoch": 3, "loss": {"total": 0.6339626521263863, "penetration": 0.3565161539321708, "contact": 0.9196452349704181, "displacement": 0.050828367556463507, "velocity": 0.00024041966399678186, "acceleration": 8.021004338395174e-05}, "vertices_deeper_than_2_mm": 24846, "vertices_deeper_than_5_mm": 466, "maximum_penetration_mm": 5.505705833435059, "mean_vertex_displacement_mm": 0.34248775914665297, "source_contact_retention": 0.9355636120149786}
EVALUATION {"split": "validation", "stage": "selected_best", "epoch": 3, "loss": {"total": 0.5592838361839427, "penetration": 0.30216946097071773, "contact": 0.8518822701920602, "displacement": 0.050936449836387496, "velocity": 0.000194188542528829, "acceleration": 4.35066768676858e-05}, "vertices_deeper_than_2_mm": 4054, "vertices_deeper_than_5_mm": 58, "maximum_penetration_mm": 5.337213516235352, "mean_vertex_displacement_mm": 0.34151187333521654, "source_contact_retention": 0.9320483296003028}
EVALUATION {"split": "test", "stage": "selected_best", "epoch": 3, "loss": {"total": 0.9407213422335895, "penetration": 0.6019876449663074, "contact": 1.1228486606935841, "displacement": 0.061210270373739065, "velocity": 0.00033643732006006534, "acceleration": 0.00018241884868136192}, "vertices_deeper_than_2_mm": 8885, "vertices_deeper_than_5_mm": 239, "maximum_penetration_mm": 5.467984199523926, "mean_vertex_displacement_mm": 0.37571312366864823, "source_contact_retention": 0.9353695370769894}
COMPLETE /home/nmt/Projects/IsaacLab/_local/grab_combined_training/runs/smoke_refiner
